// Jest Snapshot v1, https://goo.gl/fbAQLP

exports[`Footer component renders Footer 1`] = `
<footer>
  <div>
    Â©2020. We own the libs.
  </div>
</footer>
`;
