// Jest Snapshot v1, https://goo.gl/fbAQLP

exports[`Input component renders Input 1`] = `
<input
  className="Input"
  name="input1"
  onChange={[Function]}
  placeholder="wibble!"
  type="text"
  value="wobble!"
/>
`;
